// Jest Snapshot v1, https://goo.gl/fbAQLP

exports[`AddFavorite matches expected output: AddFavorite.graphql 1`] = `
~~~~~~~~~~ INPUT ~~~~~~~~~~
mutation addFavorite {
  addFavorite(serieId: "dHZzaG93OjY=") {
    success
    tvShow {
      node {
        name
        status
      }
    }
  }
}
~~~~~~~~~~ OUTPUT ~~~~~~~~~~
{
  "data": {
    "addFavorite": {
      "success": true,
      "tvShow": {
        "node": {
          "name": "The 100",
          "status": "Running"
        }
      }
    }
  }
}
`;
