// Jest Snapshot v1, https://goo.gl/fbAQLP

exports[`DeleteWatchedEpisode deletes watched episode 1`] = `
Object {
  "data": Object {
    "deleteWatchedEpisode": Object {
      "episode": Object {
        "id": "RXBpc29kZTo2",
      },
      "success": true,
    },
  },
}
`;
