// Jest Snapshot v1, https://goo.gl/fbAQLP

exports[`AddFavorite works 1`] = `
Object {
  "data": Object {
    "addFavorite": Object {
      "success": true,
      "tvShow": Object {
        "node": Object {
          "name": "The 100",
          "status": "Running",
        },
      },
    },
  },
}
`;
