// Jest Snapshot v1, https://goo.gl/fbAQLP

exports[`DeleteFavorite works with existing favorite 1`] = `
Object {
  "data": Object {
    "deleteFavorite": Object {
      "id": "dHZzaG93OjY=",
      "success": true,
    },
  },
}
`;
