// Jest Snapshot v1, https://goo.gl/fbAQLP

exports[`deletes an exercise 1`] = `
Object {
  "data": Object {
    "deleteExercise": Object {
      "success": true,
    },
  },
}
`;
